C:\Users\bazin\Documents\Projet JAVA\src\main\java\com\example\app\Main.java
C:\Users\bazin\Documents\Projet JAVA\src\main\java\com\example\controller\GameController.java
C:\Users\bazin\Documents\Projet JAVA\src\main\java\com\example\controller\ScenarioLoader.java
C:\Users\bazin\Documents\Projet JAVA\src\main\java\com\example\model\Action.java
C:\Users\bazin\Documents\Projet JAVA\src\main\java\com\example\model\ActionType.java
C:\Users\bazin\Documents\Projet JAVA\src\main\java\com\example\model\Chapitre.java
C:\Users\bazin\Documents\Projet JAVA\src\main\java\com\example\model\Choix.java
C:\Users\bazin\Documents\Projet JAVA\src\main\java\com\example\model\Competence.java
C:\Users\bazin\Documents\Projet JAVA\src\main\java\com\example\model\Condition.java
C:\Users\bazin\Documents\Projet JAVA\src\main\java\com\example\model\GameState.java
C:\Users\bazin\Documents\Projet JAVA\src\main\java\com\example\model\Objet.java
C:\Users\bazin\Documents\Projet JAVA\src\main\java\com\example\model\Personnage.java
C:\Users\bazin\Documents\Projet JAVA\src\main\java\com\example\model\Scenario.java
C:\Users\bazin\Documents\Projet JAVA\src\main\java\com\example\model\ScenarioDto.java
C:\Users\bazin\Documents\Projet JAVA\src\main\java\com\example\util\SaveManager.java
C:\Users\bazin\Documents\Projet JAVA\src\main\java\com\example\view\GameView.java
C:\Users\bazin\Documents\Projet JAVA\src\main\java\com\example\view\TextUI.java
